<html>
<body>
<pre>
<h1>礦ision Build Log</h1>
<h2>Tool Versions:</h2>
IDE-Version: μVision V5.15
Copyright (C) 2015 ARM Ltd and ARM Germany GmbH. All rights reserved.
License Information: A A, A, LIC=6XJRA-1KJST-EZHWX-H3XH5-MM33N-G19AQ
 
Tool Versions:
Toolchain:       MDK-ARM Professional  Version: 5.15.0
Toolchain Path:  D:\keil5\ARM\ARMCC\Bin
C Compiler:      Armcc.exe V5.05 update 2 (build 169)
Assembler:       Armasm.exe V5.05 update 2 (build 169)
Linker/Locator:  ArmLink.exe V5.05 update 2 (build 169)
Library Manager: ArmAr.exe V5.05 update 2 (build 169)
Hex Converter:   FromElf.exe V5.05 update 2 (build 169)
CPU DLL:         SARMCM3.DLL V5.15.0
Dialog DLL:      DARMSTM.DLL V1.65.0.0
Target DLL:      CMSIS_AGDI.dll V1.21.12.0
Dialog DLL:      TARMSTM.DLL V1.64.0.0
 
<h2>Project:</h2>
H:\STM32自制\停车场\战舰V3\刷卡电机测试0418仅无线＋转动\USER\USMART.uvprojx
Project File Date:  04/16/2018

<h2>Output:</h2>
*** Using Compiler 'V5.05 update 2 (build 169)', folder: 'D:\keil5\ARM\ARMCC\Bin'
Build target 'USMART'
compiling timer.c...
linking...
Program Size: Code=44260 RO-data=6700 RW-data=148 ZI-data=1956  
FromELF: creating hex file...
"..\OBJ\USMART.axf" - 0 Error(s), 0 Warning(s).

<h2>Collection of Component include folders:</h2>
  H:\STM32自制\停车场\战舰V3\刷卡电机测试0418仅无线＋转动\USER\RTE
  D:\keil5\ARM\PACK\Keil\STM32F1xx_DFP\1.1.0\Device\Include

<h2>Collection of Component Files used:</h2>
</pre>
</body>
</html>
